--------------------------------------------------------------------------------
Release 14.7 Trace  (nt)
Copyright (c) 1995-2013 Xilinx, Inc.  All rights reserved.

C:\Xilinx\14.7\ISE_DS\ISE\bin\nt\unwrapped\trce.exe -intstyle ise -v 3 -s 3 -n
3 -fastpaths -xml datapath.twx datapath.ncd -o datapath.twr datapath.pcf

Design file:              datapath.ncd
Physical constraint file: datapath.pcf
Device,package,speed:     xc7a100t,csg324,C,-3 (PRODUCTION 1.10 2013-10-13)
Report level:             verbose report

Environment Variable      Effect 
--------------------      ------ 
NONE                      No environment variables were set
--------------------------------------------------------------------------------

INFO:Timing:2698 - No timing constraints found, doing default enumeration.
INFO:Timing:3412 - To improve timing, see the Timing Closure User Guide (UG612).
INFO:Timing:2752 - To get complete path coverage, use the unconstrained paths 
   option. All paths that are not constrained will be reported in the 
   unconstrained paths section(s) of the report.
INFO:Timing:3339 - The clock-to-out numbers in this timing report are based on 
   a 50 Ohm transmission line loading model.  For the details of this model, 
   and for more information on accounting for different loading conditions, 
   please see the device datasheet.



Data Sheet report:
-----------------
All values displayed in nanoseconds (ns)

Setup/Hold to clock clk
---------------+------------+------------+------------+------------+------------------+--------+
               |Max Setup to|  Process   |Max Hold to |  Process   |                  | Clock  |
Source         | clk (edge) |   Corner   | clk (edge) |   Corner   |Internal Clock(s) | Phase  |
---------------+------------+------------+------------+------------+------------------+--------+
ALUSrcB<0>     |    4.964(R)|      SLOW  |    0.983(R)|      SLOW  |clk_BUFGP         |   0.000|
ALUSrcB<1>     |    5.378(R)|      SLOW  |    1.198(R)|      SLOW  |clk_BUFGP         |   0.000|
ALU_ops<0>     |    3.508(R)|      SLOW  |    1.079(R)|      SLOW  |clk_BUFGP         |   0.000|
ALU_ops<1>     |    3.473(R)|      SLOW  |    1.165(R)|      SLOW  |clk_BUFGP         |   0.000|
ALU_ops<2>     |    4.096(R)|      SLOW  |    1.019(R)|      SLOW  |clk_BUFGP         |   0.000|
AluSrcA        |    5.303(R)|      SLOW  |    0.531(R)|      SLOW  |clk_BUFGP         |   0.000|
IRwrite        |    3.442(R)|      SLOW  |    2.608(R)|      SLOW  |clk_BUFGP         |   0.000|
MIO_ready      |    1.276(R)|      FAST  |    0.155(R)|      SLOW  |clk_BUFGP         |   0.000|
MemToReg<0>    |    3.044(R)|      SLOW  |    0.868(R)|      SLOW  |clk_BUFGP         |   0.000|
MemToReg<1>    |    3.547(R)|      SLOW  |    0.892(R)|      SLOW  |clk_BUFGP         |   0.000|
PCSource<0>    |    0.519(R)|      FAST  |    1.627(R)|      SLOW  |clk_BUFGP         |   0.000|
PCSource<1>    |    0.789(R)|      FAST  |    1.526(R)|      SLOW  |clk_BUFGP         |   0.000|
RegDst<0>      |    4.049(R)|      SLOW  |    0.862(R)|      SLOW  |clk_BUFGP         |   0.000|
RegDst<1>      |    3.895(R)|      SLOW  |    1.085(R)|      SLOW  |clk_BUFGP         |   0.000|
branch         |    1.602(R)|      SLOW  |    0.039(R)|      SLOW  |clk_BUFGP         |   0.000|
data_to_Cpu<0> |    0.280(R)|      FAST  |    2.200(R)|      SLOW  |clk_BUFGP         |   0.000|
data_to_Cpu<1> |    0.258(R)|      FAST  |    1.919(R)|      SLOW  |clk_BUFGP         |   0.000|
data_to_Cpu<2> |    0.301(R)|      FAST  |    2.223(R)|      SLOW  |clk_BUFGP         |   0.000|
data_to_Cpu<3> |    0.442(R)|      FAST  |    1.901(R)|      SLOW  |clk_BUFGP         |   0.000|
data_to_Cpu<4> |    0.425(R)|      FAST  |    2.208(R)|      SLOW  |clk_BUFGP         |   0.000|
data_to_Cpu<5> |    0.180(R)|      FAST  |    1.918(R)|      SLOW  |clk_BUFGP         |   0.000|
data_to_Cpu<6> |    0.374(R)|      FAST  |    1.906(R)|      SLOW  |clk_BUFGP         |   0.000|
data_to_Cpu<7> |    0.236(R)|      FAST  |    2.245(R)|      SLOW  |clk_BUFGP         |   0.000|
data_to_Cpu<8> |    1.221(R)|      FAST  |    1.738(R)|      SLOW  |clk_BUFGP         |   0.000|
data_to_Cpu<9> |    0.383(R)|      FAST  |    1.643(R)|      SLOW  |clk_BUFGP         |   0.000|
data_to_Cpu<10>|    1.110(R)|      FAST  |    1.917(R)|      SLOW  |clk_BUFGP         |   0.000|
data_to_Cpu<11>|    1.137(R)|      FAST  |    1.808(R)|      SLOW  |clk_BUFGP         |   0.000|
data_to_Cpu<12>|    1.220(R)|      FAST  |    1.751(R)|      SLOW  |clk_BUFGP         |   0.000|
data_to_Cpu<13>|    0.996(R)|      FAST  |    1.830(R)|      SLOW  |clk_BUFGP         |   0.000|
data_to_Cpu<14>|    1.078(R)|      FAST  |    1.843(R)|      SLOW  |clk_BUFGP         |   0.000|
data_to_Cpu<15>|    0.168(R)|      FAST  |    2.067(R)|      SLOW  |clk_BUFGP         |   0.000|
data_to_Cpu<16>|    0.191(R)|      FAST  |    1.787(R)|      SLOW  |clk_BUFGP         |   0.000|
data_to_Cpu<17>|    0.386(R)|      FAST  |    1.716(R)|      SLOW  |clk_BUFGP         |   0.000|
data_to_Cpu<18>|    0.147(R)|      FAST  |    1.886(R)|      SLOW  |clk_BUFGP         |   0.000|
data_to_Cpu<19>|    0.175(R)|      FAST  |    1.866(R)|      SLOW  |clk_BUFGP         |   0.000|
data_to_Cpu<20>|    0.536(R)|      FAST  |    1.484(R)|      SLOW  |clk_BUFGP         |   0.000|
data_to_Cpu<21>|    1.217(R)|      FAST  |    1.537(R)|      SLOW  |clk_BUFGP         |   0.000|
data_to_Cpu<22>|    0.629(R)|      FAST  |    1.512(R)|      SLOW  |clk_BUFGP         |   0.000|
data_to_Cpu<23>|    0.266(R)|      FAST  |    1.691(R)|      SLOW  |clk_BUFGP         |   0.000|
data_to_Cpu<24>|    0.932(R)|      FAST  |    1.814(R)|      SLOW  |clk_BUFGP         |   0.000|
data_to_Cpu<25>|    0.875(R)|      FAST  |    1.648(R)|      SLOW  |clk_BUFGP         |   0.000|
data_to_Cpu<26>|    0.932(R)|      FAST  |    1.762(R)|      SLOW  |clk_BUFGP         |   0.000|
data_to_Cpu<27>|    1.030(R)|      FAST  |    1.763(R)|      SLOW  |clk_BUFGP         |   0.000|
data_to_Cpu<28>|    0.846(R)|      FAST  |    1.656(R)|      SLOW  |clk_BUFGP         |   0.000|
data_to_Cpu<29>|    0.720(R)|      FAST  |    1.606(R)|      SLOW  |clk_BUFGP         |   0.000|
data_to_Cpu<30>|    0.730(R)|      FAST  |    1.526(R)|      SLOW  |clk_BUFGP         |   0.000|
data_to_Cpu<31>|    0.835(R)|      FAST  |    1.533(R)|      SLOW  |clk_BUFGP         |   0.000|
pc_write       |    1.542(R)|      SLOW  |    0.493(R)|      SLOW  |clk_BUFGP         |   0.000|
pcwritecond    |    1.146(R)|      FAST  |    0.317(R)|      SLOW  |clk_BUFGP         |   0.000|
regwrite       |    2.534(R)|      SLOW  |    1.340(R)|      SLOW  |clk_BUFGP         |   0.000|
reset          |    1.643(R)|      FAST  |    1.864(R)|      SLOW  |clk_BUFGP         |   0.000|
---------------+------------+------------+------------+------------+------------------+--------+

Clock clk to Pad
--------------+-----------------+------------+-----------------+------------+------------------+--------+
              |Max (slowest) clk|  Process   |Min (fastest) clk|  Process   |                  | Clock  |
Destination   |  (edge) to PAD  |   Corner   |  (edge) to PAD  |   Corner   |Internal Clock(s) | Phase  |
--------------+-----------------+------------+-----------------+------------+------------------+--------+
M_addr<0>     |        10.108(R)|      SLOW  |         4.543(R)|      FAST  |clk_BUFGP         |   0.000|
M_addr<1>     |         9.464(R)|      SLOW  |         4.026(R)|      FAST  |clk_BUFGP         |   0.000|
M_addr<2>     |         9.544(R)|      SLOW  |         4.094(R)|      FAST  |clk_BUFGP         |   0.000|
M_addr<3>     |         9.600(R)|      SLOW  |         3.947(R)|      FAST  |clk_BUFGP         |   0.000|
M_addr<4>     |        10.307(R)|      SLOW  |         4.414(R)|      FAST  |clk_BUFGP         |   0.000|
M_addr<5>     |        10.186(R)|      SLOW  |         4.416(R)|      FAST  |clk_BUFGP         |   0.000|
M_addr<6>     |         9.516(R)|      SLOW  |         4.198(R)|      FAST  |clk_BUFGP         |   0.000|
M_addr<7>     |        10.276(R)|      SLOW  |         4.441(R)|      FAST  |clk_BUFGP         |   0.000|
M_addr<8>     |         9.875(R)|      SLOW  |         4.090(R)|      FAST  |clk_BUFGP         |   0.000|
M_addr<9>     |         9.609(R)|      SLOW  |         4.289(R)|      FAST  |clk_BUFGP         |   0.000|
M_addr<10>    |         9.853(R)|      SLOW  |         4.132(R)|      FAST  |clk_BUFGP         |   0.000|
M_addr<11>    |        10.398(R)|      SLOW  |         4.325(R)|      FAST  |clk_BUFGP         |   0.000|
M_addr<12>    |         9.496(R)|      SLOW  |         4.098(R)|      FAST  |clk_BUFGP         |   0.000|
M_addr<13>    |         9.512(R)|      SLOW  |         4.055(R)|      FAST  |clk_BUFGP         |   0.000|
M_addr<14>    |         9.336(R)|      SLOW  |         4.126(R)|      FAST  |clk_BUFGP         |   0.000|
M_addr<15>    |         9.591(R)|      SLOW  |         4.230(R)|      FAST  |clk_BUFGP         |   0.000|
M_addr<16>    |         9.339(R)|      SLOW  |         3.990(R)|      FAST  |clk_BUFGP         |   0.000|
M_addr<17>    |         9.257(R)|      SLOW  |         3.887(R)|      FAST  |clk_BUFGP         |   0.000|
M_addr<18>    |         9.646(R)|      SLOW  |         4.079(R)|      FAST  |clk_BUFGP         |   0.000|
M_addr<19>    |         9.279(R)|      SLOW  |         4.065(R)|      FAST  |clk_BUFGP         |   0.000|
M_addr<20>    |         9.154(R)|      SLOW  |         3.839(R)|      FAST  |clk_BUFGP         |   0.000|
M_addr<21>    |         9.514(R)|      SLOW  |         3.992(R)|      FAST  |clk_BUFGP         |   0.000|
M_addr<22>    |         9.217(R)|      SLOW  |         3.929(R)|      FAST  |clk_BUFGP         |   0.000|
M_addr<23>    |         9.285(R)|      SLOW  |         4.020(R)|      FAST  |clk_BUFGP         |   0.000|
M_addr<24>    |         8.775(R)|      SLOW  |         3.708(R)|      FAST  |clk_BUFGP         |   0.000|
M_addr<25>    |         9.379(R)|      SLOW  |         4.084(R)|      FAST  |clk_BUFGP         |   0.000|
M_addr<26>    |         9.070(R)|      SLOW  |         3.832(R)|      FAST  |clk_BUFGP         |   0.000|
M_addr<27>    |         9.500(R)|      SLOW  |         4.176(R)|      FAST  |clk_BUFGP         |   0.000|
M_addr<28>    |         9.301(R)|      SLOW  |         3.915(R)|      FAST  |clk_BUFGP         |   0.000|
M_addr<29>    |         9.486(R)|      SLOW  |         4.160(R)|      FAST  |clk_BUFGP         |   0.000|
M_addr<30>    |         9.719(R)|      SLOW  |         4.147(R)|      FAST  |clk_BUFGP         |   0.000|
M_addr<31>    |         9.398(R)|      SLOW  |         3.980(R)|      FAST  |clk_BUFGP         |   0.000|
PC_current<0> |         8.487(R)|      SLOW  |         3.659(R)|      FAST  |clk_BUFGP         |   0.000|
PC_current<1> |         8.456(R)|      SLOW  |         3.650(R)|      FAST  |clk_BUFGP         |   0.000|
PC_current<2> |         8.583(R)|      SLOW  |         3.723(R)|      FAST  |clk_BUFGP         |   0.000|
PC_current<3> |         8.355(R)|      SLOW  |         3.579(R)|      FAST  |clk_BUFGP         |   0.000|
PC_current<4> |         8.291(R)|      SLOW  |         3.580(R)|      FAST  |clk_BUFGP         |   0.000|
PC_current<5> |         8.415(R)|      SLOW  |         3.628(R)|      FAST  |clk_BUFGP         |   0.000|
PC_current<6> |         8.327(R)|      SLOW  |         3.592(R)|      FAST  |clk_BUFGP         |   0.000|
PC_current<7> |         8.298(R)|      SLOW  |         3.563(R)|      FAST  |clk_BUFGP         |   0.000|
PC_current<8> |         8.355(R)|      SLOW  |         3.609(R)|      FAST  |clk_BUFGP         |   0.000|
PC_current<9> |         8.319(R)|      SLOW  |         3.580(R)|      FAST  |clk_BUFGP         |   0.000|
PC_current<10>|         8.264(R)|      SLOW  |         3.543(R)|      FAST  |clk_BUFGP         |   0.000|
PC_current<11>|         8.271(R)|      SLOW  |         3.542(R)|      FAST  |clk_BUFGP         |   0.000|
PC_current<12>|         8.373(R)|      SLOW  |         3.615(R)|      FAST  |clk_BUFGP         |   0.000|
PC_current<13>|         8.497(R)|      SLOW  |         3.686(R)|      FAST  |clk_BUFGP         |   0.000|
PC_current<14>|         8.167(R)|      SLOW  |         3.500(R)|      FAST  |clk_BUFGP         |   0.000|
PC_current<15>|         8.297(R)|      SLOW  |         3.576(R)|      FAST  |clk_BUFGP         |   0.000|
PC_current<16>|         8.442(R)|      SLOW  |         3.657(R)|      FAST  |clk_BUFGP         |   0.000|
PC_current<17>|         8.640(R)|      SLOW  |         3.803(R)|      FAST  |clk_BUFGP         |   0.000|
PC_current<18>|         8.463(R)|      SLOW  |         3.669(R)|      FAST  |clk_BUFGP         |   0.000|
PC_current<19>|         8.707(R)|      SLOW  |         3.744(R)|      FAST  |clk_BUFGP         |   0.000|
PC_current<20>|         8.566(R)|      SLOW  |         3.722(R)|      FAST  |clk_BUFGP         |   0.000|
PC_current<21>|         8.599(R)|      SLOW  |         3.698(R)|      FAST  |clk_BUFGP         |   0.000|
PC_current<22>|         8.575(R)|      SLOW  |         3.670(R)|      FAST  |clk_BUFGP         |   0.000|
PC_current<23>|         8.804(R)|      SLOW  |         3.856(R)|      FAST  |clk_BUFGP         |   0.000|
PC_current<24>|         8.703(R)|      SLOW  |         3.746(R)|      FAST  |clk_BUFGP         |   0.000|
PC_current<25>|         9.494(R)|      SLOW  |         4.255(R)|      FAST  |clk_BUFGP         |   0.000|
PC_current<26>|         9.193(R)|      SLOW  |         4.066(R)|      FAST  |clk_BUFGP         |   0.000|
PC_current<27>|         9.103(R)|      SLOW  |         3.974(R)|      FAST  |clk_BUFGP         |   0.000|
PC_current<28>|         9.041(R)|      SLOW  |         3.944(R)|      FAST  |clk_BUFGP         |   0.000|
PC_current<29>|         8.955(R)|      SLOW  |         3.934(R)|      FAST  |clk_BUFGP         |   0.000|
PC_current<30>|         9.501(R)|      SLOW  |         4.287(R)|      FAST  |clk_BUFGP         |   0.000|
PC_current<31>|         8.666(R)|      SLOW  |         3.732(R)|      FAST  |clk_BUFGP         |   0.000|
data_out<0>   |        10.906(R)|      SLOW  |         4.401(R)|      FAST  |clk_BUFGP         |   0.000|
data_out<1>   |        10.641(R)|      SLOW  |         3.932(R)|      FAST  |clk_BUFGP         |   0.000|
data_out<2>   |        11.114(R)|      SLOW  |         4.382(R)|      FAST  |clk_BUFGP         |   0.000|
data_out<3>   |        10.559(R)|      SLOW  |         4.079(R)|      FAST  |clk_BUFGP         |   0.000|
data_out<4>   |        10.898(R)|      SLOW  |         4.235(R)|      FAST  |clk_BUFGP         |   0.000|
data_out<5>   |        10.991(R)|      SLOW  |         4.319(R)|      FAST  |clk_BUFGP         |   0.000|
data_out<6>   |        10.837(R)|      SLOW  |         4.149(R)|      FAST  |clk_BUFGP         |   0.000|
data_out<7>   |        11.064(R)|      SLOW  |         4.439(R)|      FAST  |clk_BUFGP         |   0.000|
data_out<8>   |        10.909(R)|      SLOW  |         4.316(R)|      FAST  |clk_BUFGP         |   0.000|
data_out<9>   |        10.972(R)|      SLOW  |         4.492(R)|      FAST  |clk_BUFGP         |   0.000|
data_out<10>  |        11.144(R)|      SLOW  |         4.303(R)|      FAST  |clk_BUFGP         |   0.000|
data_out<11>  |        10.948(R)|      SLOW  |         4.293(R)|      FAST  |clk_BUFGP         |   0.000|
data_out<12>  |        11.504(R)|      SLOW  |         4.421(R)|      FAST  |clk_BUFGP         |   0.000|
data_out<13>  |        11.189(R)|      SLOW  |         4.573(R)|      FAST  |clk_BUFGP         |   0.000|
data_out<14>  |        11.305(R)|      SLOW  |         4.536(R)|      FAST  |clk_BUFGP         |   0.000|
data_out<15>  |        11.477(R)|      SLOW  |         4.599(R)|      FAST  |clk_BUFGP         |   0.000|
data_out<16>  |        11.017(R)|      SLOW  |         4.359(R)|      FAST  |clk_BUFGP         |   0.000|
data_out<17>  |        11.331(R)|      SLOW  |         4.318(R)|      FAST  |clk_BUFGP         |   0.000|
data_out<18>  |        11.557(R)|      SLOW  |         4.623(R)|      FAST  |clk_BUFGP         |   0.000|
data_out<19>  |        11.344(R)|      SLOW  |         4.445(R)|      FAST  |clk_BUFGP         |   0.000|
data_out<20>  |        11.660(R)|      SLOW  |         4.676(R)|      FAST  |clk_BUFGP         |   0.000|
data_out<21>  |        11.952(R)|      SLOW  |         4.393(R)|      FAST  |clk_BUFGP         |   0.000|
data_out<22>  |        11.484(R)|      SLOW  |         4.391(R)|      FAST  |clk_BUFGP         |   0.000|
data_out<23>  |        11.555(R)|      SLOW  |         4.265(R)|      FAST  |clk_BUFGP         |   0.000|
data_out<24>  |        11.954(R)|      SLOW  |         4.546(R)|      FAST  |clk_BUFGP         |   0.000|
data_out<25>  |        12.555(R)|      SLOW  |         4.764(R)|      FAST  |clk_BUFGP         |   0.000|
data_out<26>  |        12.099(R)|      SLOW  |         4.464(R)|      FAST  |clk_BUFGP         |   0.000|
data_out<27>  |        12.189(R)|      SLOW  |         4.469(R)|      FAST  |clk_BUFGP         |   0.000|
data_out<28>  |        12.511(R)|      SLOW  |         4.449(R)|      FAST  |clk_BUFGP         |   0.000|
data_out<29>  |        12.572(R)|      SLOW  |         4.562(R)|      FAST  |clk_BUFGP         |   0.000|
data_out<30>  |        12.543(R)|      SLOW  |         4.639(R)|      FAST  |clk_BUFGP         |   0.000|
data_out<31>  |        12.230(R)|      SLOW  |         4.638(R)|      FAST  |clk_BUFGP         |   0.000|
inst<0>       |         6.409(R)|      SLOW  |         2.809(R)|      FAST  |clk_BUFGP         |   0.000|
inst<1>       |         6.411(R)|      SLOW  |         2.811(R)|      FAST  |clk_BUFGP         |   0.000|
inst<2>       |         6.414(R)|      SLOW  |         2.814(R)|      FAST  |clk_BUFGP         |   0.000|
inst<3>       |         6.411(R)|      SLOW  |         2.811(R)|      FAST  |clk_BUFGP         |   0.000|
inst<4>       |         6.433(R)|      SLOW  |         2.833(R)|      FAST  |clk_BUFGP         |   0.000|
inst<5>       |         6.435(R)|      SLOW  |         2.835(R)|      FAST  |clk_BUFGP         |   0.000|
inst<6>       |         6.414(R)|      SLOW  |         2.814(R)|      FAST  |clk_BUFGP         |   0.000|
inst<7>       |         6.366(R)|      SLOW  |         2.783(R)|      FAST  |clk_BUFGP         |   0.000|
inst<8>       |         6.374(R)|      SLOW  |         2.790(R)|      FAST  |clk_BUFGP         |   0.000|
inst<9>       |         6.378(R)|      SLOW  |         2.794(R)|      FAST  |clk_BUFGP         |   0.000|
inst<10>      |         6.393(R)|      SLOW  |         2.809(R)|      FAST  |clk_BUFGP         |   0.000|
inst<11>      |         6.387(R)|      SLOW  |         2.803(R)|      FAST  |clk_BUFGP         |   0.000|
inst<12>      |         6.396(R)|      SLOW  |         2.812(R)|      FAST  |clk_BUFGP         |   0.000|
inst<13>      |         6.400(R)|      SLOW  |         2.816(R)|      FAST  |clk_BUFGP         |   0.000|
inst<14>      |         6.399(R)|      SLOW  |         2.815(R)|      FAST  |clk_BUFGP         |   0.000|
inst<15>      |         6.401(R)|      SLOW  |         2.817(R)|      FAST  |clk_BUFGP         |   0.000|
inst<16>      |         6.384(R)|      SLOW  |         2.801(R)|      FAST  |clk_BUFGP         |   0.000|
inst<17>      |         6.376(R)|      SLOW  |         2.793(R)|      FAST  |clk_BUFGP         |   0.000|
inst<18>      |         6.384(R)|      SLOW  |         2.801(R)|      FAST  |clk_BUFGP         |   0.000|
inst<19>      |         6.377(R)|      SLOW  |         2.794(R)|      FAST  |clk_BUFGP         |   0.000|
inst<20>      |         6.400(R)|      SLOW  |         2.821(R)|      FAST  |clk_BUFGP         |   0.000|
inst<21>      |         6.376(R)|      SLOW  |         2.796(R)|      FAST  |clk_BUFGP         |   0.000|
inst<22>      |         6.359(R)|      SLOW  |         2.783(R)|      FAST  |clk_BUFGP         |   0.000|
inst<23>      |         6.383(R)|      SLOW  |         2.804(R)|      FAST  |clk_BUFGP         |   0.000|
inst<24>      |         6.396(R)|      SLOW  |         2.817(R)|      FAST  |clk_BUFGP         |   0.000|
inst<25>      |         6.379(R)|      SLOW  |         2.799(R)|      FAST  |clk_BUFGP         |   0.000|
inst<26>      |         6.378(R)|      SLOW  |         2.799(R)|      FAST  |clk_BUFGP         |   0.000|
inst<27>      |         6.396(R)|      SLOW  |         2.816(R)|      FAST  |clk_BUFGP         |   0.000|
inst<28>      |         6.357(R)|      SLOW  |         2.779(R)|      FAST  |clk_BUFGP         |   0.000|
inst<29>      |         6.369(R)|      SLOW  |         2.791(R)|      FAST  |clk_BUFGP         |   0.000|
inst<30>      |         6.359(R)|      SLOW  |         2.782(R)|      FAST  |clk_BUFGP         |   0.000|
inst<31>      |         6.397(R)|      SLOW  |         2.817(R)|      FAST  |clk_BUFGP         |   0.000|
zero          |        15.111(R)|      SLOW  |         4.587(R)|      FAST  |clk_BUFGP         |   0.000|
--------------+-----------------+------------+-----------------+------------+------------------+--------+

Clock to Setup on destination clock clk
---------------+---------+---------+---------+---------+
               | Src:Rise| Src:Fall| Src:Rise| Src:Fall|
Source Clock   |Dest:Rise|Dest:Rise|Dest:Fall|Dest:Fall|
---------------+---------+---------+---------+---------+
clk            |    7.693|         |         |         |
---------------+---------+---------+---------+---------+

Pad to Pad
---------------+---------------+---------+
Source Pad     |Destination Pad|  Delay  |
---------------+---------------+---------+
ALUSrcB<0>     |zero           |   12.115|
ALUSrcB<1>     |zero           |   12.529|
ALU_ops<0>     |zero           |   10.787|
ALU_ops<1>     |zero           |   10.878|
ALU_ops<2>     |zero           |   11.247|
AluSrcA        |zero           |   12.454|
IorD           |M_addr<0>      |    8.393|
IorD           |M_addr<1>      |    7.804|
IorD           |M_addr<2>      |    7.269|
IorD           |M_addr<3>      |    8.055|
IorD           |M_addr<4>      |    8.527|
IorD           |M_addr<5>      |    8.013|
IorD           |M_addr<6>      |    7.764|
IorD           |M_addr<7>      |    8.478|
IorD           |M_addr<8>      |    7.993|
IorD           |M_addr<9>      |    7.785|
IorD           |M_addr<10>     |    7.798|
IorD           |M_addr<11>     |    8.248|
IorD           |M_addr<12>     |    7.711|
IorD           |M_addr<13>     |    7.442|
IorD           |M_addr<14>     |    7.432|
IorD           |M_addr<15>     |    7.611|
IorD           |M_addr<16>     |    7.378|
IorD           |M_addr<17>     |    7.493|
IorD           |M_addr<18>     |    7.847|
IorD           |M_addr<19>     |    7.787|
IorD           |M_addr<20>     |    7.338|
IorD           |M_addr<21>     |    7.380|
IorD           |M_addr<22>     |    7.196|
IorD           |M_addr<23>     |    7.587|
IorD           |M_addr<24>     |    7.286|
IorD           |M_addr<25>     |    6.946|
IorD           |M_addr<26>     |    6.689|
IorD           |M_addr<27>     |    6.726|
IorD           |M_addr<28>     |    6.539|
IorD           |M_addr<29>     |    7.401|
IorD           |M_addr<30>     |    6.956|
IorD           |M_addr<31>     |    6.646|
---------------+---------------+---------+


Analysis completed Thu May 30 19:49:24 2019 
--------------------------------------------------------------------------------

Trace Settings:
-------------------------
Trace Settings 

Peak Memory Usage: 431 MB



